Zm00001d000002	I1I0Y2
Zm00001d000116	I1GQY1
Zm00001d003430	I1I4L8
Zm00001d004127	I1HBB5
Zm00001d005036	I1IUX6
Zm00001d008535	I1HBM9
Zm00001d010350	I1GYG2
Zm00001d011700	I1HQV2
Zm00001d013466	I1GP37
Zm00001d016160	I1HZ70
Zm00001d017686	I1HNH5
Zm00001d018716	I1GZV2
Zm00001d026306	I1J1V1
Zm00001d027450	I1IVW4
Zm00001d028830	I1H6B5
Zm00001d034282	I1ITI8
Zm00001d036037	I1GVB9
Zm00001d038020	I1H6H8
Zm00001d038987	I1IXD1
Zm00001d039768	I1IKI2
Zm00001d052584	I1IMG5
Zm00014a023551	I1GZK9
Zm00014a023555	I1GME4
Zm00014a023556	I1ID08
Zm00014a023559	I1H0C6
Zm00014a027426	I1HTN0
Zm00001d000002	F6H7M0
Zm00001d000116	D7SY32
Zm00001d003430	F6H622
Zm00001d004127	D7TCM1
Zm00001d005036	F6HMQ9
Zm00001d008535	F6GTL3
Zm00001d010350	F6HE59
Zm00001d011700	F6HGV9
Zm00001d013466	D7SIV2
Zm00001d016160	F6HLR3
Zm00001d017686	D7U032
Zm00001d018716	F6GT66
Zm00001d026306	F6H1S5
Zm00001d027450	F6HUJ5
Zm00001d028830	F6I4Q9
Zm00001d034282	F6HF67
Zm00001d036037	D7TCZ6
Zm00001d038020	F6GUM2
Zm00001d038987	D7TFM4
Zm00001d039768	E0CW41
Zm00001d052584	F6H843
Zm00014a023551	F6HF44
Zm00014a023555	D7U8I2
Zm00014a023556	D7SPB6
Zm00014a023559	F6HYI3
Zm00014a027426	D7TJA3
Zm00001d000002	A8J233
Zm00001d000116	A8IJ19
Zm00001d003430	A8JAY5
Zm00001d014138	A8J2F0
Zm00001d016160	A8HPD4
Zm00001d017686	A8HQH5
Zm00001d025091	A8JJ05
Zm00001d025899	A8J1Z6
Zm00001d027450	A8IPI7
Zm00001d028830	A8JG72
Zm00001d036037	A8HNI9
Zm00014a023551	A8IAJ1
Zm00014a023555	A8J3U8
Zm00014a023556	A8I0H8
Zm00014a027420	P53498
Zm00014a027426	A8J216
Zm00001d000002	A9RCU8
Zm00001d000116	A9U465
Zm00001d003430	A9RBJ1
Zm00001d011700	A9TW72
Zm00001d013466	A9SHG7
Zm00001d018716	A9TWW1
Zm00001d026306	A9TJF1
Zm00001d027450	A9U188
Zm00001d028830	A9SJ46
Zm00001d036037	A9RF91
Zm00001d038020	A9SY34
Zm00001d038987	A9SVT3
Zm00001d039768	A9RKQ1
Zm00014a023551	A9SGM2
Zm00014a023555	A9SKH1
Zm00014a023556	A9S8D0
Zm00014a023559	A9T6H3
Zm00014a027426	A9ST27
Zm00001d000002	B9H112
Zm00001d000116	B9HIP3
Zm00001d003430	U5FSV8
Zm00001d004127	B9GZV0
Zm00001d005036	U5FL07
Zm00001d008535	B9IE37
Zm00001d010350	U5G804
Zm00001d011700	U5GDH7
Zm00001d013466	B9IE01
Zm00001d016160	B9H404
Zm00001d017686	B9MWQ3
Zm00001d018716	B9HI99
Zm00001d026306	B9HGV2
Zm00001d027450	B9GW39
Zm00001d028830	B9I9N7
Zm00001d034282	U7DWW6
Zm00001d036037	B9HH27
Zm00001d038020	B9HNB7
Zm00001d038987	B9GYT4
Zm00001d039768	B9HFM8
Zm00014a023551	B9HGT0
Zm00014a023555	B9HF25
Zm00014a023556	U5GC04
Zm00014a023559	U5GL05
Zm00014a027426	B9IIS7
Zm00001d000002	A0A178W4M9
Zm00001d000116	Q70DU8
Zm00001d003430	Q9M876
Zm00001d003702	Q9LQ12
Zm00001d004339	Q9ZW02
Zm00001d005036	Q8H1E3
Zm00001d008535	F4HS08
Zm00001d009542	F4HQB9
Zm00001d010350	O65278
Zm00001d011560	Q9FFH1
Zm00001d011700	A0A178UKA5
Zm00001d013466	F4HS21
Zm00001d014138	F4ILE1
Zm00001d016160	Q38849
Zm00001d017686	F4I642
Zm00001d018562	Q9SL03
Zm00001d018716	Q9XI78
Zm00001d023710	A3KPE8
Zm00001d025899	Q9FQ04
Zm00001d026306	C0LGH2
Zm00001d026334	Q9LYT1
Zm00001d027450	O23702
Zm00001d028803	Q5XPJ9
Zm00001d028830	F4IL57
Zm00001d030981	C0LGP4
Zm00001d034282	Q9SZL8
Zm00001d036037	A0A178V7W8
Zm00001d038020	C0LGQ4
Zm00001d038678	A0A178V7S8
Zm00001d038987	B3H4C1
Zm00001d039768	Q96329
Zm00001d040071	Q9SS43
Zm00001d043287	F4K191
Zm00001d044696	F4HYL8
Zm00001d044774	A0A178W753
Zm00001d050985	Q9FN03
Zm00014a023550	Q93VF4
Zm00014a023551	Q9ZPW5
Zm00014a023553	Q9LYP1
Zm00014a023555	Q8VXX4
Zm00014a023556	A0A178V1E7
Zm00014a023558	P42825
Zm00014a023559	Q8GY61
Zm00014a027420	P53492
Zm00014a027426	Q9FG38
Zm00001d000002	I1M0Z8
Zm00001d000116	I1MRQ4
Zm00001d003430	K7M864
Zm00001d005036	C6ZRU1
Zm00001d008535	K7L0K1
Zm00001d010350	I1MRJ1
Zm00001d011700	K7MBX5
Zm00001d013466	I1MUG1
Zm00001d016160	K7M132
Zm00001d017686	I1KGF2
Zm00001d018716	I1KCV1
Zm00001d026306	K7L8E9
Zm00001d027450	K7L0E7
Zm00001d028830	I1NB97
Zm00001d034282	I1M527
Zm00001d036037	K7K6G0
Zm00001d038020	K7LQZ3
Zm00001d038987	I1KZJ8
Zm00001d039768	I1LS94
Zm00014a023551	K7LNX7
Zm00014a023555	K7LNG6
Zm00014a023556	I1MNE2
Zm00014a023559	I1L2E0
Zm00014a027426	K7K9Q0
Zm00001d000002	Q6Z1D6
Zm00001d000116	Q8H5F0
Zm00001d003430	Q943W5
Zm00001d004127	Q6Z3S6
Zm00001d005036	Q2QYF9
Zm00001d008535	Q9LG94
Zm00001d010350	Q0IXZ9
Zm00001d011700	Q5NAH9
Zm00001d013466	Q10E70
Zm00001d016160	Q6K3T2
Zm00001d016712	Q8H991
Zm00001d017686	Q2R2Y2
Zm00001d018716	Q6YUI8
Zm00001d026306	Q7XTP6
Zm00001d027450	Q0JFF8
Zm00001d028830	Q0IMS9
Zm00001d030981	Q2R2D5
Zm00001d034282	Q5VRR4
Zm00001d036037	Q5Z8N9
Zm00001d038020	Q0DIX6
Zm00001d038987	Q7F8X3
Zm00001d039768	Q5Z5M7
Zm00001d043287	Q9SXQ6
Zm00001d052584	C7J893
Zm00014a023551	Q5Z9Q8
Zm00014a023555	Q852K3
Zm00014a023556	Q6YVH6
Zm00014a023558	B9FHF3
Zm00014a023559	Q6Z2G7
Zm00014a027426	Q5N7G9
Zm00001d000002	C6KI36
Zm00001d000116	K4DHV0
Zm00001d003430	K4CBX2
Zm00001d005036	K4D1R3
Zm00001d008535	K4BM96
Zm00001d010350	K4D8C6
Zm00001d011700	K4CDR0
Zm00001d013466	K4BMC5
Zm00001d016160	K4B834
Zm00001d018716	K4BL85
Zm00001d026306	K4CHX8
Zm00001d027450	K4CP03
Zm00001d028830	K4CVC5
Zm00001d030981	O49879
Zm00001d034282	K4CKM9
Zm00001d036037	K4BAL4
Zm00001d038020	K4C5P6
Zm00001d038987	K4D7Y9
Zm00001d039768	K4BSN7
Zm00014a023551	K4CPU8
Zm00014a023555	K4BB20
Zm00014a023556	K4B6E9
Zm00014a023559	K4DCA4
Zm00014a027426	K4C5J9
Zm00001d000002	C5YUG2
Zm00001d000116	C5XPJ0
Zm00001d003702	C5XGR8
Zm00001d004127	C5YC85
Zm00001d005036	C5YR53
Zm00001d008535	C5YIA0
Zm00001d010350	C5XJX8
Zm00001d011700	C5XLW4
Zm00001d013466	C5WNR5
Zm00001d014138	C5YFN2
Zm00001d016160	C5XZ04
Zm00001d016712	C5XK29
Zm00001d018716	C5X841
Zm00001d026306	C5YRW0
Zm00001d027450	C5YBK7
Zm00001d028830	C5WMJ9
Zm00001d030981	C5XCS3
Zm00001d034282	C5YS77
Zm00001d036037	C5Z3B2
Zm00001d038987	C5YFG6
Zm00001d050985	C5YB03
Zm00001d052584	C5Y1K7
Zm00014a023551	C5XQ57
Zm00014a023555	C5YST1
Zm00014a023556	C5YY52
Zm00014a023559	C5XUG1
Zm00014a027426	C5XQK2
